../Core/Src/main.c:60:6:HAL_ADC_ConvHalfCpltCallback	16	static
../Core/Src/main.c:66:6:HAL_ADC_ConvCpltCallback	16	static
../Core/Src/main.c:104:5:main	8	static
../Core/Src/main.c:186:6:SystemClock_Config1	88	static
../Core/Src/main.c:226:6:SystemClock_Config	88	static
../Core/Src/main.c:272:13:MX_ADC1_Init	40	static
../Core/Src/main.c:335:13:MX_ADC2_Init	24	static
../Core/Src/main.c:387:13:MX_TIM2_Init	16	static
../Core/Src/main.c:426:13:MX_UART5_Init	8	static
../Core/Src/main.c:457:13:MX_DMA_Init	16	static
../Core/Src/main.c:475:13:MX_GPIO_Init	48	static
../Core/Src/main.c:509:6:Error_Handler	4	static,ignoring_inline_asm
