../Core/Src/main.c:58:6:HAL_ADC_ConvHalfCpltCallback	16	static
../Core/Src/main.c:64:6:HAL_ADC_ConvCpltCallback	16	static
../Core/Src/main.c:99:5:main	8	static
../Core/Src/main.c:166:6:SystemClock_Config	88	static
../Core/Src/main.c:212:13:MX_ADC1_Init	40	static
../Core/Src/main.c:275:13:MX_ADC2_Init	24	static
../Core/Src/main.c:326:13:MX_TIM2_Init	16	static
../Core/Src/main.c:363:13:MX_DMA_Init	16	static
../Core/Src/main.c:381:13:MX_GPIO_Init	48	static
../Core/Src/main.c:415:6:Error_Handler	4	static,ignoring_inline_asm
